autumn_leaves.ls
body_and_soul.ls
let_it_be.ls
my_foolish_heart.ls
my_way.ls
what_a_wonderful_world.ls
automatic/abc.ls
automatic/abracadabra.ls
automatic/abraham_martin_john.ls
automatic/achey_breaky_heart.ls
automatic/afternoon_in_paris.ls
automatic/aint_missbehaving.ls
automatic/aint_no_mountain.ls
automatic/aint_she_sweet.ls
automatic/all_gods_chillin.ls
automatic/all_i_have_to_do_is_dream.ls
automatic/all_of_me.ls
automatic/all_the_things_you_are.ls
automatic/all_through_the_night.ls
automatic/almost_like_being_in_love.ls
automatic/alone_together.ls
automatic/along_came_betty.ls
automatic/angel_eyes.ls
automatic/angel_of_the_morning.ls
automatic/angie.ls
automatic/anthropology.ls
automatic/april_showers.ls
automatic/arigen.ls
automatic/as_long_as_i_live.ls
automatic/a_smooth_one.ls
automatic/baby_love.ls
automatic/barbados.ls
automatic/beautiful_friend.ls
automatic/beautiful_love.ls
automatic/bemsha_swing.ls
automatic/ben.ls
automatic/benny_and_the_jets.ls
automatic/bernies_tune.ls
automatic/biddin_my_time.ls
automatic/big_blues.ls
automatic/bitter_sweet.ls
automatic/black_and_blue.ls
automatic/black_orpheus.ls
automatic/bloom_dido.ls
automatic/blue_bayou.ls
automatic/blue_bossa.ls
automatic/blue_lou.ls
automatic/blue_n_boogie.ls
automatic/blue_room.ls
automatic/blues_for_alice.ls
automatic/blues_in_the_night.ls
automatic/blue_skies.ls
automatic/body_and_soul.ls
automatic/born_to_be_blue.ls
automatic/breaking_up_is_hard_to_do.ls
automatic/breath_again.ls
automatic/broadway.ls
automatic/but_not_for_me.ls
automatic/bye_bye_blackbird.ls
automatic/cabin_in_the_sky.ls
automatic/candle_in_the_wind.ls
automatic/candy.ls
automatic/cant_buy_my_love.ls
automatic/cant_we_be_friends.ls
automatic/can_we_talk_it_over.ls
automatic/can_you_feel_the_love_tonight.ls
automatic/caravan.ls
automatic/careless_wisper.ls
automatic/chanson_damour.ls
automatic/charlie_brown.ls
automatic/chenga_de_saude.ls
automatic/cheryl.ls
automatic/claire.ls
automatic/copa_cabana.ls
automatic/color_of_the_wind.ls
automatic/com_alma.ls
automatic/come_rain_or_come_shine.ls
automatic/come_sunday.ls
automatic/cotton_tail.ls
automatic/crazy_rhythm.ls
automatic/crocodile_rock.ls
automatic/cta.ls
automatic/dancing_in_the_dark.ls
automatic/dancing_in_the_street.ls
automatic/daniel.ls
automatic/darn_that_dream.ls
automatic/day_by_day.ls
automatic/days_of_wine_and_roses.ls
automatic/dear_old_stockholm.ls
automatic/deep_purple.ls
automatic/desafinado.ls
automatic/devil_and_the_deep.ls
automatic/didnt_we.ls
automatic/did_you_ever_have_to.ls
automatic/django.ls
automatic/dolphin.ls
automatic/do_nothing.ls
automatic/dont_be_cruel.ls
automatic/dont_blame_me.ls
automatic/dont_give_up_on_this.ls
automatic/dont_go_breaking_my_heart.ls
automatic/dont_let_the_sun_go_down_on_me.ls
automatic/dont_worry.ls
automatic/downtown.ls
automatic/doxie.ls
automatic/do_you_really_want_to_hurt_me.ls
automatic/dust_in_the_wind.ls
automatic/early_autum.ls
automatic/earth_angel.ls
automatic/east_of_the_sun.ls
automatic/easy_living.ls
automatic/easy_street.ls
automatic/easy_to_love.ls
automatic/embracable_you.ls
automatic/everybody_have_fun_to_night.ls
automatic/everybreath_you_take.ls
automatic/everything_happens_to_me.ls
automatic/everything_she_wants.ls
automatic/faith.ls
automatic/fantasy.ls
automatic/fascinating_rhythm.ls
automatic/fass.ls
automatic/fast_car.ls
automatic/feliciade.ls
automatic/fine_romance.ls
automatic/flamingo.ls
automatic/flash_dance.ls
automatic/fly_like_an_eagle.ls
automatic/foggy_day.ls
automatic/fools_rush_in.ls
automatic/for_all_we_know.ls
automatic/for_heavens_sake.ls
automatic/for_minors_only.ls
automatic/four_brothers.ls
automatic/franky_and_johnny.ls
automatic/fried_bananas.ls
automatic/from_this_moment.ls
automatic/gal_in_calo.ls
automatic/georyboy.ls
automatic/get_happy.ls
automatic/get_out_of_town.ls
automatic/girl_from_ipanema.ls
automatic/girls_just_wanna_have_fun.ls
automatic/girl_talk.ls
automatic/give_me_one_reason.ls
automatic/gloria.ls
automatic/god_bless_the_children.ls
automatic/gone_with_the_wind.ls
automatic/good_bye_cruel_world.ls
automatic/good_bye_yellow_brick_road.ls
automatic/good_lovin.ls
automatic/good_morning_heartache.ls
automatic/grazzin_the_grass.ls
automatic/green_dolpin_street.ls
automatic/groovn_high.ls
automatic/handful_or_stars.ls
automatic/hard_saying_im_sorry.ls
automatic/have_i_told_you_laterly.ls
automatic/have_you_meet_miss_jones.ls
automatic/heart_and_soul.ls
automatic/hear_that_rainyday.ls
automatic/heaven.ls
automatic/here_and_now.ls
automatic/hey_jude.ls
automatic/hold_me_now.ls
automatic/honey_suckle_rose.ls
automatic/honkey_cat.ls
automatic/hot_stuff.ls
automatic/how_about_you.ls
automatic/howamisupposedtolivewithoutyou.ls
automatic/howcanifall.ls
automatic/howdeepisyourlove.ls
automatic/how_high_the_moon.ls
automatic/how_insensitive.ls
automatic/how_long_has_this_been_going_on.ls
automatic/i_apologize.ls
automatic/i_can_get_started.ls
automatic/icanloveyoulikethat.ls
automatic/i_cant_believe_you_love_me.ls
automatic/icanthelpmyself.ls
automatic/i_concentrate_on_you.ls
automatic/i_could_write_a_book.ls
automatic/i_cover_the_water.ls
automatic/i_dont_know_what_time.ls
automatic/i_dont_stand_a_chance.ls
automatic/i_dont_want_to_fight.ls
automatic/i_fall_in_love_too_easy.ls
automatic/if_i_could_be_with_you.ls
automatic/if_i_could_see_you_now.ls
automatic/if_i_love_you_again.ls
automatic/i_found_a_new_baby.ls
automatic/i_get_a_kick_out_of_you.ls
automatic/i_got_it_bad.ls
automatic/i_got_rhythm.ls
automatic/i_had_the_time_of_my_life.ls
automatic/i_hear_rapsody.ls
automatic/i_know_that_you_know_that.ls
automatic/ill_be_there.ls
automatic/ill_never_be_the_same.ls
automatic/ill_never_smile_again.ls
automatic/i_love_you.ls
automatic/im_afraid.ls
automatic/imagination.ls
automatic/imagine.ls
automatic/im_begining_to_see_the_light.ls
automatic/im_confessin.ls
automatic/im_getting_sentimential.ls
automatic/im_just_a_singer.ls
automatic/in_a_sentimential_mood.ls
automatic/indian_summer.ls
automatic/in_out_sweet_way.ls
automatic/in_sign_of_libra.ls
automatic/in_the_mood_for_love.ls
automatic/in_the_still_of_the_night.ls
automatic/in_vain.ls
automatic/in_walked_bud.ls
automatic/i_only_have_eyes_for_you.ls
automatic/i_remember_cliford.ls
automatic/i_remember_you.ls
automatic/i_should_care.ls
automatic/island_girl.ls
automatic/island_in_the_stream.ls
automatic/isreal.ls
automatic/i_still_havent_found_what_im_looking_for.ls
automatic/i_surrender_dear.ls
automatic/it_could_happen_to_you.ls
automatic/it_doesnt_mean_a_thing.ls
automatic/i_thought_about_you.ls
automatic/its_a_blue_world.ls
automatic/its_all_comming_back_to_me_now.ls
automatic/its_all_right_with_me.ls
automatic/its_always_you.ls
automatic/its_jessies_girl.ls
automatic/its_just_a_matter_of_time.ls
automatic/its_not_over_till_its_over.ls
automatic/itsy_btsy_teeny_weenie.ls
automatic/its_you_or_no_one.ls
automatic/ive_got_the_world_on_a_string.ls
automatic/ive_grown_accustomed.ls
automatic/ive_told_every_star.ls
automatic/i_want_the_song_out_of_my_heart.ls
automatic/i_want_to_be_happy.ls
automatic/i_will_do_anything_for_love.ls
automatic/i_will_survive.ls
automatic/i_wished_on_the_moon.ls
automatic/i_wish_i_were_in_love.ls
automatic/jeneane.ls
automatic/jersy_bounce.ls
automatic/jive_talkin.ls
automatic/joker.ls
automatic/joy_spring.ls
automatic/jumpin.ls
automatic/just_around_the_corner.ls
automatic/just_be_friends.ls
automatic/just_for_you.ls
automatic/just_my_imagination.ls
automatic/just_one_of_those.ls
automatic/just_the_way_you_are.ls
automatic/king_of_pain.ls
automatic/king_of_the_road.ls
automatic/kiss_you_all_over.ls
automatic/lady_bird.ls
automatic/lady_is_a_tramp.ls
automatic/last_kiss.ls
automatic/last_train_to_clarkeville.ls
automatic/laughter_in_the_rain.ls
automatic/laura.ls
automatic/lay_down.ls
automatic/let_me_in.ls
automatic/like_a_virgin.ls
automatic/like_someone_in_love.ls
automatic/lil_darlin.ls
automatic/lime_house_blues.ls
automatic/lines_for_lyons.ls
automatic/little_girl.ls
automatic/little_green_apples.ls
automatic/little_old_lady_from_pass.ls
automatic/livin_on_a_prayer.ls
automatic/liza.ls
automatic/locomotion.ls
automatic/long_tail_sally.ls
automatic/love_for_sale.ls
automatic/love_grows.ls
automatic/love_is_so_right.ls
automatic/love_letters.ls
automatic/love_me_or_leave_me.ls
automatic/love_of_a_lifetime.ls
automatic/lover_come_back.ls
automatic/lover.ls
automatic/lover_man.ls
automatic/lovers_question.ls
automatic/love_shack.ls
automatic/love_walked_in.ls
automatic/low_down.ls
automatic/lullaby_of_birdland.ls
automatic/lulus_back_in_town.ls
automatic/mack_the_knife.ls
automatic/maggie_pie.ls
automatic/making_a_woopie.ls
automatic/mandy.ls
automatic/maneater.ls
automatic/manhattan.ls
automatic/manic.ls
automatic/margee.ls
automatic/me_and_bobby_mcgee.ls
automatic/mean_to_me.ls
automatic/meditation.ls
automatic/meloncoly_baby.ls
automatic/memories_of_you.ls
automatic/me_one_and_only.ls
automatic/midnight_to_gorgia.ls
automatic/milestones.ls
automatic/missing_missing.ls
automatic/misty.ls
automatic/moments_notice.ls
automatic/monday_monday.ls
automatic/mood_indigo.ls
automatic/moonlight_in_vermont.ls
automatic/moons_glow.ls
automatic/moose_the_mooche.ls
automatic/more_i_taste.ls
automatic/mountain_green.ls
automatic/mr_cluster.ls
automatic/mrs_brown.ls
automatic/my_buddy.ls
automatic/my_eyes_adore_you.ls
automatic/my_foolish_heart.ls
automatic/my_funny_valantine.ls
automatic/my_girl.ls
automatic/my_guy.ls
automatic/my_heart_belongs_to_my_daddy.ls
automatic/my_ideal.ls
automatic/my_little_boat.ls
automatic/my_old_flame.ls
automatic/my_romance.ls
automatic/my_shinning_hour.ls
automatic/my_ship.ls
automatic/my_silient_love.ls
automatic/namely_you.ls
automatic/na_na_kiss.ls
automatic/nancy.ls
automatic/nardis.ls
automatic/neither_of_us.ls
automatic/never_say_goodbye.ls
automatic/never_stop_loving_you.ls
automatic/nice_work_if_you_get_it.ls
automatic/nicos_dream.ls
automatic/nightangale.ls
automatic/night_chicago_died.ls
automatic/night_fever.ls
automatic/night_has_a_thousand_eyes.ls
automatic/night_in_tusiniana.ls
automatic/night_owl.ls
automatic/night_shift.ls
automatic/night_train.ls
automatic/nikita.ls
automatic/nine_twenty.ls
automatic/no_moon_at_all.ls
automatic/nothin_at_all.ls
automatic/nothin_gonna.ls
automatic/nuage.ls
automatic/oh_shellia.ls
automatic/old_lady_be_good.ls
automatic/on_a_clear_day.ls
automatic/one_fine_day.ls
automatic/one_note_samba.ls
automatic/one_sweet_day.ls
automatic/one_toke_over_the_line.ls
automatic/one_you_love.ls
automatic/only_in_my_dreams.ls
automatic/only_want_to_be_with_you.ls
automatic/on_the_street_you_live.ls
automatic/opposites_attract.ls
automatic/orinthology.ls
automatic/our_delight.ls
automatic/out_of_the_blue.ls
automatic/over_the_moutain_across_the_see.ls
automatic/over_the_rainbow.ls
automatic/owner_of_a_lonely_heart.ls
automatic/parties_over.ls
automatic/patches.ls
automatic/pennies_from_heaven.ls
automatic/people_got_to_be_free.ls
automatic/people.ls
automatic/peridio.ls
automatic/philidelphia_freedom.ls
automatic/physical.ls
automatic/pick_yourself_up.ls
automatic/please_dont_talk_about_me.ls
automatic/poetry_in_motion.ls
automatic/poor_butterfly.ls
automatic/portriats_of_jennie.ls
automatic/power_love.ls
automatic/prelude_to_a_kiss.ls
automatic/put_your_hand_in_the_hand.ls
automatic/quiet_night_of_quiet_stars.ls
automatic/rain_drops.ls
automatic/real_real_real.ls
automatic/rebel_rousen.ls
automatic/return_to_sender.ls
automatic/reunited.ls
automatic/ride_like_the_wind.ls
automatic/right_here_right_now.ls
automatic/river_of_dreams.ls
automatic/rocket_man.ls
automatic/rockin_robin.ls
automatic/ruby_dont_take_your_love.ls
automatic/ruby.ls
automatic/ruby_my_dear.ls
automatic/sacrafice.ls
automatic/sad_songs.ls
automatic/sailing.ls
automatic/sister_sadie.ls
automatic/slow_boat_to_china.ls
automatic/stairway_to_the_stars.ls
automatic/star_dust.ls
automatic/st_tomas.ls
automatic/sunday.ls
automatic/sunny_side_of_the_street.ls
automatic/sweet_and_lovely.ls
automatic/take_the_a_train.ls
automatic/tangerine.ls
automatic/tenderly.ls
automatic/tenor_madness.ls
automatic/thanks_for_the_memory.ls
automatic/that_old_black_magic.ls
automatic/thats_all.ls
automatic/the_best_thing_for_you.ls
automatic/the_gypsy.ls
automatic/the_man_i_love.ls
automatic/them_there_eyes.ls
automatic/the_nearness_of_you.ls
automatic/theres_no_greater_love.ls
automatic/there_will_be_some_changes.ls
automatic/there_will_never_be_another_you.ls
automatic/the_song_is_you.ls
automatic/the_stars_fell_on_albama.ls
automatic/they_cant_take_this_away.ls
automatic/things_we_did_last_summer.ls
automatic/thinking_of_you.ls
automatic/this_cant_be_love.ls
automatic/thou_swell.ls
automatic/three_little_words.ls
automatic/til_there_was_you.ls
automatic/time_on_my_hands.ls
automatic/tin_roof_blues.ls
automatic/tis_autum.ls
automatic/whenidie.ls
automatic/wind.ls
